Flow report for wrapper
Tue Sep  8 21:07:44 2026
Quartus Prime Version 24.1std.0 Build 1077 03/04/2025 SC Lite Edition


---------------------
; Table of Contents ;
---------------------
  1. Legal Notice
  2. Flow Summary
  3. Flow Settings
  4. Flow Non-Default Global Settings
  5. Flow Elapsed Time
  6. Flow OS Summary
  7. Flow Log
  8. Flow Messages
  9. Flow Suppressed Messages



----------------
; Legal Notice ;
----------------
Copyright (C) 2025  Altera Corporation. All rights reserved.
Your use of Altera Corporation's design tools, logic functions 
and other software and tools, and any partner logic 
functions, and any output files from any of the foregoing 
(including device programming or simulation files), and any 
associated documentation or information are expressly subject 
to the terms and conditions of the Altera Program License 
Subscription Agreement, the Altera Quartus Prime License Agreement,
the Altera IP License Agreement, or other applicable license
agreement, including, without limitation, that your use is for
the sole purpose of programming logic devices manufactured by
Altera and sold by Altera or its authorized distributors.  Please
refer to the Altera Software License Subscription Agreements 
on the Quartus Prime software download page.



+--------------------------------------------------------------------------------------+
; Flow Summary                                                                         ;
+------------------------------------+-------------------------------------------------+
; Flow Status                        ; Successful - Tue Sep  8 21:07:44 2026           ;
; Quartus Prime Version              ; 24.1std.0 Build 1077 03/04/2025 SC Lite Edition ;
; Revision Name                      ; wrapper                                         ;
; Top-level Entity Name              ; DE10_LITE_Golden_Top                            ;
; Family                             ; MAX 10                                          ;
; Device                             ; 10M50DAF484C6GES                                ;
; Timing Models                      ; Preliminary                                     ;
; Total logic elements               ; 22,200 / 49,760 ( 45 % )                        ;
;     Total combinational functions  ; 21,353 / 49,760 ( 43 % )                        ;
;     Dedicated logic registers      ; 10,697 / 49,760 ( 21 % )                        ;
; Total registers                    ; 10697                                           ;
; Total pins                         ; 65 / 360 ( 18 % )                               ;
; Total virtual pins                 ; 0                                               ;
; Total memory bits                  ; 195 / 1,677,312 ( < 1 % )                       ;
; Embedded Multiplier 9-bit elements ; 0 / 288 ( 0 % )                                 ;
; Total PLLs                         ; 0 / 4 ( 0 % )                                   ;
; UFM blocks                         ; 0 / 1 ( 0 % )                                   ;
; ADC blocks                         ; 0 / 2 ( 0 % )                                   ;
+------------------------------------+-------------------------------------------------+


+-----------------------------------------+
; Flow Settings                           ;
+-------------------+---------------------+
; Option            ; Setting             ;
+-------------------+---------------------+
; Start date & time ; 09/08/2026 21:03:54 ;
; Main task         ; Compilation         ;
; Revision Name     ; wrapper             ;
+-------------------+---------------------+


+---------------------------------------------------------------------------------------------------------------------------------------------------------+
; Flow Non-Default Global Settings                                                                                                                        ;
+-------------------------------------+----------------------------------------+---------------+----------------------+-----------------------------------+
; Assignment Name                     ; Value                                  ; Default Value ; Entity Name          ; Section Id                        ;
+-------------------------------------+----------------------------------------+---------------+----------------------+-----------------------------------+
; COMPILER_SIGNATURE_ID               ; 193775450754580.178887623428208        ; --            ; --                   ; --                                ;
; EDA_GENERATE_FUNCTIONAL_NETLIST     ; Off                                    ; --            ; --                   ; eda_board_design_timing           ;
; EDA_GENERATE_FUNCTIONAL_NETLIST     ; Off                                    ; --            ; --                   ; eda_board_design_boundary_scan    ;
; EDA_GENERATE_FUNCTIONAL_NETLIST     ; Off                                    ; --            ; --                   ; eda_board_design_signal_integrity ;
; EDA_GENERATE_FUNCTIONAL_NETLIST     ; Off                                    ; --            ; --                   ; eda_board_design_symbol           ;
; EDA_OUTPUT_DATA_FORMAT              ; Verilog Hdl                            ; --            ; --                   ; eda_simulation                    ;
; EDA_SIMULATION_TOOL                 ; Questa Intel FPGA (Verilog)            ; <None>        ; --                   ; --                                ;
; EDA_TIME_SCALE                      ; 1 ps                                   ; --            ; --                   ; eda_simulation                    ;
; MAX_CORE_JUNCTION_TEMP              ; 85                                     ; --            ; --                   ; --                                ;
; MIN_CORE_JUNCTION_TEMP              ; 0                                      ; --            ; --                   ; --                                ;
; PARTITION_COLOR                     ; -- (Not supported for targeted family) ; --            ; DE10_LITE_Golden_Top ; Top                               ;
; PARTITION_FITTER_PRESERVATION_LEVEL ; -- (Not supported for targeted family) ; --            ; DE10_LITE_Golden_Top ; Top                               ;
; PARTITION_NETLIST_TYPE              ; -- (Not supported for targeted family) ; --            ; DE10_LITE_Golden_Top ; Top                               ;
; POWER_BOARD_THERMAL_MODEL           ; None (CONSERVATIVE)                    ; --            ; --                   ; --                                ;
; POWER_PRESET_COOLING_SOLUTION       ; 23 MM HEAT SINK WITH 200 LFPM AIRFLOW  ; --            ; --                   ; --                                ;
; PROJECT_OUTPUT_DIRECTORY            ; output_files                           ; --            ; --                   ; --                                ;
; TOP_LEVEL_ENTITY                    ; DE10_LITE_Golden_Top                   ; wrapper       ; --                   ; --                                ;
+-------------------------------------+----------------------------------------+---------------+----------------------+-----------------------------------+


+--------------------------------------------------------------------------------------------------------------------------+
; Flow Elapsed Time                                                                                                        ;
+----------------------+--------------+-------------------------+---------------------+------------------------------------+
; Module Name          ; Elapsed Time ; Average Processors Used ; Peak Virtual Memory ; Total CPU Time (on all processors) ;
+----------------------+--------------+-------------------------+---------------------+------------------------------------+
; Analysis & Synthesis ; 00:01:57     ; 1.0                     ; 5460 MB             ; 00:01:38                           ;
; Fitter               ; 00:01:26     ; 1.9                     ; 6678 MB             ; 00:03:57                           ;
; Assembler            ; 00:00:03     ; 1.0                     ; 4922 MB             ; 00:00:02                           ;
; Timing Analyzer      ; 00:00:08     ; 4.0                     ; 5236 MB             ; 00:00:24                           ;
; EDA Netlist Writer   ; 00:00:03     ; 1.0                     ; 4862 MB             ; 00:00:03                           ;
; Total                ; 00:03:37     ; --                      ; --                  ; 00:06:04                           ;
+----------------------+--------------+-------------------------+---------------------+------------------------------------+


+------------------------------------------------------------------------------------+
; Flow OS Summary                                                                    ;
+----------------------+------------------+------------+------------+----------------+
; Module Name          ; Machine Hostname ; OS Name    ; OS Version ; Processor type ;
+----------------------+------------------+------------+------------+----------------+
; Analysis & Synthesis ; LAPTOP-9RK2J1TD  ; Windows 10 ; 10.0       ; x86_64         ;
; Fitter               ; LAPTOP-9RK2J1TD  ; Windows 10 ; 10.0       ; x86_64         ;
; Assembler            ; LAPTOP-9RK2J1TD  ; Windows 10 ; 10.0       ; x86_64         ;
; Timing Analyzer      ; LAPTOP-9RK2J1TD  ; Windows 10 ; 10.0       ; x86_64         ;
; EDA Netlist Writer   ; LAPTOP-9RK2J1TD  ; Windows 10 ; 10.0       ; x86_64         ;
+----------------------+------------------+------------+------------+----------------+


------------
; Flow Log ;
------------
quartus_map --read_settings_files=on --write_settings_files=off wrapper -c wrapper
quartus_fit --read_settings_files=off --write_settings_files=off wrapper -c wrapper
quartus_asm --read_settings_files=off --write_settings_files=off wrapper -c wrapper
quartus_sta wrapper -c wrapper
quartus_eda --read_settings_files=off --write_settings_files=off wrapper -c wrapper



