------------------------------------------------------------
Timing Analyzer Summary
------------------------------------------------------------

Type  : Slow 1200mV 85C Model Setup 'MAX10_CLK1_50'
Slack : -5.083
TNS   : -32205.319

Type  : Slow 1200mV 85C Model Hold 'MAX10_CLK1_50'
Slack : 0.257
TNS   : 0.000

Type  : Slow 1200mV 85C Model Recovery 'MAX10_CLK1_50'
Slack : -0.889
TNS   : -15.113

Type  : Slow 1200mV 85C Model Removal 'MAX10_CLK1_50'
Slack : 1.169
TNS   : 0.000

Type  : Slow 1200mV 85C Model Minimum Pulse Width 'MAX10_CLK1_50'
Slack : -3.000
TNS   : -13136.776

Type  : Slow 1200mV 0C Model Setup 'MAX10_CLK1_50'
Slack : -4.550
TNS   : -28351.000

Type  : Slow 1200mV 0C Model Hold 'MAX10_CLK1_50'
Slack : 0.254
TNS   : 0.000

Type  : Slow 1200mV 0C Model Recovery 'MAX10_CLK1_50'
Slack : -0.725
TNS   : -12.325

Type  : Slow 1200mV 0C Model Removal 'MAX10_CLK1_50'
Slack : 1.051
TNS   : 0.000

Type  : Slow 1200mV 0C Model Minimum Pulse Width 'MAX10_CLK1_50'
Slack : -3.000
TNS   : -13132.143

Type  : Fast 1200mV 0C Model Setup 'MAX10_CLK1_50'
Slack : -2.054
TNS   : -11046.218

Type  : Fast 1200mV 0C Model Hold 'MAX10_CLK1_50'
Slack : 0.115
TNS   : 0.000

Type  : Fast 1200mV 0C Model Recovery 'MAX10_CLK1_50'
Slack : 0.113
TNS   : 0.000

Type  : Fast 1200mV 0C Model Removal 'MAX10_CLK1_50'
Slack : 0.547
TNS   : 0.000

Type  : Fast 1200mV 0C Model Minimum Pulse Width 'MAX10_CLK1_50'
Slack : -3.000
TNS   : -12568.824

------------------------------------------------------------
