EDA Netlist Writer report for kan_core
Sat Jul 18 15:47:27 2026
Quartus Prime Version 24.1std.0 Build 1077 03/04/2025 SC Lite Edition


---------------------
; Table of Contents ;
---------------------
  1. Legal Notice
  2. EDA Netlist Writer Summary
  3. Simulation Settings
  4. Simulation Generated Files
  5. EDA Netlist Writer Messages



----------------
; Legal Notice ;
----------------
Copyright (C) 2025  Altera Corporation. All rights reserved.
Your use of Altera Corporation's design tools, logic functions 
and other software and tools, and any partner logic 
functions, and any output files from any of the foregoing 
(including device programming or simulation files), and any 
associated documentation or information are expressly subject 
to the terms and conditions of the Altera Program License 
Subscription Agreement, the Altera Quartus Prime License Agreement,
the Altera IP License Agreement, or other applicable license
agreement, including, without limitation, that your use is for
the sole purpose of programming logic devices manufactured by
Altera and sold by Altera or its authorized distributors.  Please
refer to the Altera Software License Subscription Agreements 
on the Quartus Prime software download page.



+-------------------------------------------------------------------+
; EDA Netlist Writer Summary                                        ;
+---------------------------+---------------------------------------+
; EDA Netlist Writer Status ; Successful - Sat Jul 18 15:47:27 2026 ;
; Revision Name             ; kan_core                              ;
; Top-level Entity Name     ; kan_core                              ;
; Family                    ; Cyclone V                             ;
; Simulation Files Creation ; Successful                            ;
+---------------------------+---------------------------------------+


+---------------------------------------------------------------------------------------------------------------------------------+
; Simulation Settings                                                                                                             ;
+---------------------------------------------------------------------------------------------------+-----------------------------+
; Option                                                                                            ; Setting                     ;
+---------------------------------------------------------------------------------------------------+-----------------------------+
; Tool Name                                                                                         ; Questa Intel FPGA (Verilog) ;
; Generate functional simulation netlist                                                            ; On                          ;
; Truncate long hierarchy paths                                                                     ; Off                         ;
; Map illegal HDL characters                                                                        ; Off                         ;
; Flatten buses into individual nodes                                                               ; Off                         ;
; Maintain hierarchy                                                                                ; Off                         ;
; Bring out device-wide set/reset signals as ports                                                  ; Off                         ;
; Enable glitch filtering                                                                           ; Off                         ;
; Do not write top level VHDL entity                                                                ; Off                         ;
; Disable detection of setup and hold time violations in the input registers of bi-directional pins ; Off                         ;
; Architecture name in VHDL output netlist                                                          ; structure                   ;
; Generate third-party EDA tool command script for RTL functional simulation                        ; Off                         ;
; Generate third-party EDA tool command script for gate-level simulation                            ; Off                         ;
+---------------------------------------------------------------------------------------------------+-----------------------------+


+-------------------------------------------------------------------------------------------------------+
; Simulation Generated Files                                                                            ;
+-------------------------------------------------------------------------------------------------------+
; Generated Files                                                                                       ;
+-------------------------------------------------------------------------------------------------------+
; E:/virtual_machine/Mount/KANELE-main/me/Wine/models/202607041449591/syn/simulation/questa/kan_core.vo ;
+-------------------------------------------------------------------------------------------------------+


+-----------------------------+
; EDA Netlist Writer Messages ;
+-----------------------------+
Info: *******************************************************************
Info: Running Quartus Prime EDA Netlist Writer
    Info: Version 24.1std.0 Build 1077 03/04/2025 SC Lite Edition
    Info: Processing started: Sat Jul 18 15:47:26 2026
Info: Command: quartus_eda --read_settings_files=off --write_settings_files=off kan_core -c kan_core
Warning (18236): Number of processors has not been specified which may cause overloading on shared machines.  Set the global assignment NUM_PARALLEL_PROCESSORS in your QSF to an appropriate value for best performance.
Info (204001): Port "o_vector[0][0]" is changed into "o_vector_0_0" because it's a member of 2-D array port "o_vector" File: E:/virtual_machine/Mount/KANELE-main/me/Wine/models/202607041449591/firmware/src/kan_core.sv Line: 15
Info (204001): Port "o_vector[0][1]" is changed into "o_vector_0_1" because it's a member of 2-D array port "o_vector" File: E:/virtual_machine/Mount/KANELE-main/me/Wine/models/202607041449591/firmware/src/kan_core.sv Line: 15
Info (204001): Port "o_vector[0][2]" is changed into "o_vector_0_2" because it's a member of 2-D array port "o_vector" File: E:/virtual_machine/Mount/KANELE-main/me/Wine/models/202607041449591/firmware/src/kan_core.sv Line: 15
Info (204001): Port "o_vector[0][3]" is changed into "o_vector_0_3" because it's a member of 2-D array port "o_vector" File: E:/virtual_machine/Mount/KANELE-main/me/Wine/models/202607041449591/firmware/src/kan_core.sv Line: 15
Info (204001): Port "o_vector[0][4]" is changed into "o_vector_0_4" because it's a member of 2-D array port "o_vector" File: E:/virtual_machine/Mount/KANELE-main/me/Wine/models/202607041449591/firmware/src/kan_core.sv Line: 15
Info (204001): Port "o_vector[0][5]" is changed into "o_vector_0_5" because it's a member of 2-D array port "o_vector" File: E:/virtual_machine/Mount/KANELE-main/me/Wine/models/202607041449591/firmware/src/kan_core.sv Line: 15
Info (204001): Port "o_vector[1][0]" is changed into "o_vector_1_0" because it's a member of 2-D array port "o_vector" File: E:/virtual_machine/Mount/KANELE-main/me/Wine/models/202607041449591/firmware/src/kan_core.sv Line: 15
Info (204001): Port "o_vector[1][1]" is changed into "o_vector_1_1" because it's a member of 2-D array port "o_vector" File: E:/virtual_machine/Mount/KANELE-main/me/Wine/models/202607041449591/firmware/src/kan_core.sv Line: 15
Info (204001): Port "o_vector[1][2]" is changed into "o_vector_1_2" because it's a member of 2-D array port "o_vector" File: E:/virtual_machine/Mount/KANELE-main/me/Wine/models/202607041449591/firmware/src/kan_core.sv Line: 15
Info (204001): Port "o_vector[1][3]" is changed into "o_vector_1_3" because it's a member of 2-D array port "o_vector" File: E:/virtual_machine/Mount/KANELE-main/me/Wine/models/202607041449591/firmware/src/kan_core.sv Line: 15
Info (204001): Port "o_vector[1][4]" is changed into "o_vector_1_4" because it's a member of 2-D array port "o_vector" File: E:/virtual_machine/Mount/KANELE-main/me/Wine/models/202607041449591/firmware/src/kan_core.sv Line: 15
Info (204001): Port "o_vector[1][5]" is changed into "o_vector_1_5" because it's a member of 2-D array port "o_vector" File: E:/virtual_machine/Mount/KANELE-main/me/Wine/models/202607041449591/firmware/src/kan_core.sv Line: 15
Info (204001): Port "o_vector[2][0]" is changed into "o_vector_2_0" because it's a member of 2-D array port "o_vector" File: E:/virtual_machine/Mount/KANELE-main/me/Wine/models/202607041449591/firmware/src/kan_core.sv Line: 15
Info (204001): Port "o_vector[2][1]" is changed into "o_vector_2_1" because it's a member of 2-D array port "o_vector" File: E:/virtual_machine/Mount/KANELE-main/me/Wine/models/202607041449591/firmware/src/kan_core.sv Line: 15
Info (204001): Port "o_vector[2][2]" is changed into "o_vector_2_2" because it's a member of 2-D array port "o_vector" File: E:/virtual_machine/Mount/KANELE-main/me/Wine/models/202607041449591/firmware/src/kan_core.sv Line: 15
Info (204001): Port "o_vector[2][3]" is changed into "o_vector_2_3" because it's a member of 2-D array port "o_vector" File: E:/virtual_machine/Mount/KANELE-main/me/Wine/models/202607041449591/firmware/src/kan_core.sv Line: 15
Info (204001): Port "o_vector[2][4]" is changed into "o_vector_2_4" because it's a member of 2-D array port "o_vector" File: E:/virtual_machine/Mount/KANELE-main/me/Wine/models/202607041449591/firmware/src/kan_core.sv Line: 15
Info (204001): Port "o_vector[2][5]" is changed into "o_vector_2_5" because it's a member of 2-D array port "o_vector" File: E:/virtual_machine/Mount/KANELE-main/me/Wine/models/202607041449591/firmware/src/kan_core.sv Line: 15
Info (204001): Port "i_vector[10][4]" is changed into "i_vector_10_4" because it's a member of 2-D array port "i_vector" File: E:/virtual_machine/Mount/KANELE-main/me/Wine/models/202607041449591/firmware/src/kan_core.sv Line: 13
Info (204001): Port "i_vector[10][0]" is changed into "i_vector_10_0" because it's a member of 2-D array port "i_vector" File: E:/virtual_machine/Mount/KANELE-main/me/Wine/models/202607041449591/firmware/src/kan_core.sv Line: 13
Info (204001): Port "i_vector[10][1]" is changed into "i_vector_10_1" because it's a member of 2-D array port "i_vector" File: E:/virtual_machine/Mount/KANELE-main/me/Wine/models/202607041449591/firmware/src/kan_core.sv Line: 13
Info (204001): Port "i_vector[10][2]" is changed into "i_vector_10_2" because it's a member of 2-D array port "i_vector" File: E:/virtual_machine/Mount/KANELE-main/me/Wine/models/202607041449591/firmware/src/kan_core.sv Line: 13
Info (204001): Port "i_vector[10][3]" is changed into "i_vector_10_3" because it's a member of 2-D array port "i_vector" File: E:/virtual_machine/Mount/KANELE-main/me/Wine/models/202607041449591/firmware/src/kan_core.sv Line: 13
Info (204001): Port "i_vector[10][5]" is changed into "i_vector_10_5" because it's a member of 2-D array port "i_vector" File: E:/virtual_machine/Mount/KANELE-main/me/Wine/models/202607041449591/firmware/src/kan_core.sv Line: 13
Info (204001): Port "i_vector[12][1]" is changed into "i_vector_12_1" because it's a member of 2-D array port "i_vector" File: E:/virtual_machine/Mount/KANELE-main/me/Wine/models/202607041449591/firmware/src/kan_core.sv Line: 13
Info (204001): Port "i_vector[12][2]" is changed into "i_vector_12_2" because it's a member of 2-D array port "i_vector" File: E:/virtual_machine/Mount/KANELE-main/me/Wine/models/202607041449591/firmware/src/kan_core.sv Line: 13
Info (204001): Port "i_vector[12][3]" is changed into "i_vector_12_3" because it's a member of 2-D array port "i_vector" File: E:/virtual_machine/Mount/KANELE-main/me/Wine/models/202607041449591/firmware/src/kan_core.sv Line: 13
Info (204001): Port "i_vector[12][4]" is changed into "i_vector_12_4" because it's a member of 2-D array port "i_vector" File: E:/virtual_machine/Mount/KANELE-main/me/Wine/models/202607041449591/firmware/src/kan_core.sv Line: 13
Info (204001): Port "i_vector[12][5]" is changed into "i_vector_12_5" because it's a member of 2-D array port "i_vector" File: E:/virtual_machine/Mount/KANELE-main/me/Wine/models/202607041449591/firmware/src/kan_core.sv Line: 13
Info (204001): Port "i_vector[12][0]" is changed into "i_vector_12_0" because it's a member of 2-D array port "i_vector" File: E:/virtual_machine/Mount/KANELE-main/me/Wine/models/202607041449591/firmware/src/kan_core.sv Line: 13
Info (204001): Port "i_vector[8][1]" is changed into "i_vector_8_1" because it's a member of 2-D array port "i_vector" File: E:/virtual_machine/Mount/KANELE-main/me/Wine/models/202607041449591/firmware/src/kan_core.sv Line: 13
Info (204001): Port "i_vector[8][2]" is changed into "i_vector_8_2" because it's a member of 2-D array port "i_vector" File: E:/virtual_machine/Mount/KANELE-main/me/Wine/models/202607041449591/firmware/src/kan_core.sv Line: 13
Info (204001): Port "i_vector[8][3]" is changed into "i_vector_8_3" because it's a member of 2-D array port "i_vector" File: E:/virtual_machine/Mount/KANELE-main/me/Wine/models/202607041449591/firmware/src/kan_core.sv Line: 13
Info (204001): Port "i_vector[8][4]" is changed into "i_vector_8_4" because it's a member of 2-D array port "i_vector" File: E:/virtual_machine/Mount/KANELE-main/me/Wine/models/202607041449591/firmware/src/kan_core.sv Line: 13
Info (204001): Port "i_vector[8][0]" is changed into "i_vector_8_0" because it's a member of 2-D array port "i_vector" File: E:/virtual_machine/Mount/KANELE-main/me/Wine/models/202607041449591/firmware/src/kan_core.sv Line: 13
Info (204001): Port "i_vector[8][5]" is changed into "i_vector_8_5" because it's a member of 2-D array port "i_vector" File: E:/virtual_machine/Mount/KANELE-main/me/Wine/models/202607041449591/firmware/src/kan_core.sv Line: 13
Info (204001): Port "i_vector[6][1]" is changed into "i_vector_6_1" because it's a member of 2-D array port "i_vector" File: E:/virtual_machine/Mount/KANELE-main/me/Wine/models/202607041449591/firmware/src/kan_core.sv Line: 13
Info (204001): Port "i_vector[6][2]" is changed into "i_vector_6_2" because it's a member of 2-D array port "i_vector" File: E:/virtual_machine/Mount/KANELE-main/me/Wine/models/202607041449591/firmware/src/kan_core.sv Line: 13
Info (204001): Port "i_vector[6][3]" is changed into "i_vector_6_3" because it's a member of 2-D array port "i_vector" File: E:/virtual_machine/Mount/KANELE-main/me/Wine/models/202607041449591/firmware/src/kan_core.sv Line: 13
Info (204001): Port "i_vector[6][4]" is changed into "i_vector_6_4" because it's a member of 2-D array port "i_vector" File: E:/virtual_machine/Mount/KANELE-main/me/Wine/models/202607041449591/firmware/src/kan_core.sv Line: 13
Info (204001): Port "i_vector[6][0]" is changed into "i_vector_6_0" because it's a member of 2-D array port "i_vector" File: E:/virtual_machine/Mount/KANELE-main/me/Wine/models/202607041449591/firmware/src/kan_core.sv Line: 13
Info (204001): Port "i_vector[6][5]" is changed into "i_vector_6_5" because it's a member of 2-D array port "i_vector" File: E:/virtual_machine/Mount/KANELE-main/me/Wine/models/202607041449591/firmware/src/kan_core.sv Line: 13
Info (204001): Port "i_vector[7][0]" is changed into "i_vector_7_0" because it's a member of 2-D array port "i_vector" File: E:/virtual_machine/Mount/KANELE-main/me/Wine/models/202607041449591/firmware/src/kan_core.sv Line: 13
Info (204001): Port "i_vector[7][1]" is changed into "i_vector_7_1" because it's a member of 2-D array port "i_vector" File: E:/virtual_machine/Mount/KANELE-main/me/Wine/models/202607041449591/firmware/src/kan_core.sv Line: 13
Info (204001): Port "i_vector[7][2]" is changed into "i_vector_7_2" because it's a member of 2-D array port "i_vector" File: E:/virtual_machine/Mount/KANELE-main/me/Wine/models/202607041449591/firmware/src/kan_core.sv Line: 13
Info (204001): Port "i_vector[7][3]" is changed into "i_vector_7_3" because it's a member of 2-D array port "i_vector" File: E:/virtual_machine/Mount/KANELE-main/me/Wine/models/202607041449591/firmware/src/kan_core.sv Line: 13
Info (204001): Port "i_vector[7][4]" is changed into "i_vector_7_4" because it's a member of 2-D array port "i_vector" File: E:/virtual_machine/Mount/KANELE-main/me/Wine/models/202607041449591/firmware/src/kan_core.sv Line: 13
Info (204001): Port "i_vector[7][5]" is changed into "i_vector_7_5" because it's a member of 2-D array port "i_vector" File: E:/virtual_machine/Mount/KANELE-main/me/Wine/models/202607041449591/firmware/src/kan_core.sv Line: 13
Info (204001): Port "i_vector[9][5]" is changed into "i_vector_9_5" because it's a member of 2-D array port "i_vector" File: E:/virtual_machine/Mount/KANELE-main/me/Wine/models/202607041449591/firmware/src/kan_core.sv Line: 13
Info (204001): Port "i_vector[9][3]" is changed into "i_vector_9_3" because it's a member of 2-D array port "i_vector" File: E:/virtual_machine/Mount/KANELE-main/me/Wine/models/202607041449591/firmware/src/kan_core.sv Line: 13
Info (204001): Port "i_vector[9][4]" is changed into "i_vector_9_4" because it's a member of 2-D array port "i_vector" File: E:/virtual_machine/Mount/KANELE-main/me/Wine/models/202607041449591/firmware/src/kan_core.sv Line: 13
Info (204001): Port "i_vector[0][4]" is changed into "i_vector_0_4" because it's a member of 2-D array port "i_vector" File: E:/virtual_machine/Mount/KANELE-main/me/Wine/models/202607041449591/firmware/src/kan_core.sv Line: 13
Info (204001): Port "i_vector[0][2]" is changed into "i_vector_0_2" because it's a member of 2-D array port "i_vector" File: E:/virtual_machine/Mount/KANELE-main/me/Wine/models/202607041449591/firmware/src/kan_core.sv Line: 13
Info (204001): Port "i_vector[0][3]" is changed into "i_vector_0_3" because it's a member of 2-D array port "i_vector" File: E:/virtual_machine/Mount/KANELE-main/me/Wine/models/202607041449591/firmware/src/kan_core.sv Line: 13
Info (204001): Port "i_vector[0][0]" is changed into "i_vector_0_0" because it's a member of 2-D array port "i_vector" File: E:/virtual_machine/Mount/KANELE-main/me/Wine/models/202607041449591/firmware/src/kan_core.sv Line: 13
Info (204001): Port "i_vector[0][1]" is changed into "i_vector_0_1" because it's a member of 2-D array port "i_vector" File: E:/virtual_machine/Mount/KANELE-main/me/Wine/models/202607041449591/firmware/src/kan_core.sv Line: 13
Info (204001): Port "i_vector[0][5]" is changed into "i_vector_0_5" because it's a member of 2-D array port "i_vector" File: E:/virtual_machine/Mount/KANELE-main/me/Wine/models/202607041449591/firmware/src/kan_core.sv Line: 13
Info (204001): Port "i_vector[4][4]" is changed into "i_vector_4_4" because it's a member of 2-D array port "i_vector" File: E:/virtual_machine/Mount/KANELE-main/me/Wine/models/202607041449591/firmware/src/kan_core.sv Line: 13
Info (204001): Port "i_vector[4][0]" is changed into "i_vector_4_0" because it's a member of 2-D array port "i_vector" File: E:/virtual_machine/Mount/KANELE-main/me/Wine/models/202607041449591/firmware/src/kan_core.sv Line: 13
Info (204001): Port "i_vector[4][1]" is changed into "i_vector_4_1" because it's a member of 2-D array port "i_vector" File: E:/virtual_machine/Mount/KANELE-main/me/Wine/models/202607041449591/firmware/src/kan_core.sv Line: 13
Info (204001): Port "i_vector[4][2]" is changed into "i_vector_4_2" because it's a member of 2-D array port "i_vector" File: E:/virtual_machine/Mount/KANELE-main/me/Wine/models/202607041449591/firmware/src/kan_core.sv Line: 13
Info (204001): Port "i_vector[4][3]" is changed into "i_vector_4_3" because it's a member of 2-D array port "i_vector" File: E:/virtual_machine/Mount/KANELE-main/me/Wine/models/202607041449591/firmware/src/kan_core.sv Line: 13
Info (204001): Port "i_vector[4][5]" is changed into "i_vector_4_5" because it's a member of 2-D array port "i_vector" File: E:/virtual_machine/Mount/KANELE-main/me/Wine/models/202607041449591/firmware/src/kan_core.sv Line: 13
Info (204001): Port "i_vector[2][3]" is changed into "i_vector_2_3" because it's a member of 2-D array port "i_vector" File: E:/virtual_machine/Mount/KANELE-main/me/Wine/models/202607041449591/firmware/src/kan_core.sv Line: 13
Info (204001): Port "i_vector[2][4]" is changed into "i_vector_2_4" because it's a member of 2-D array port "i_vector" File: E:/virtual_machine/Mount/KANELE-main/me/Wine/models/202607041449591/firmware/src/kan_core.sv Line: 13
Info (204001): Port "i_vector[2][2]" is changed into "i_vector_2_2" because it's a member of 2-D array port "i_vector" File: E:/virtual_machine/Mount/KANELE-main/me/Wine/models/202607041449591/firmware/src/kan_core.sv Line: 13
Info (204001): Port "i_vector[2][0]" is changed into "i_vector_2_0" because it's a member of 2-D array port "i_vector" File: E:/virtual_machine/Mount/KANELE-main/me/Wine/models/202607041449591/firmware/src/kan_core.sv Line: 13
Info (204001): Port "i_vector[2][1]" is changed into "i_vector_2_1" because it's a member of 2-D array port "i_vector" File: E:/virtual_machine/Mount/KANELE-main/me/Wine/models/202607041449591/firmware/src/kan_core.sv Line: 13
Info (204001): Port "i_vector[2][5]" is changed into "i_vector_2_5" because it's a member of 2-D array port "i_vector" File: E:/virtual_machine/Mount/KANELE-main/me/Wine/models/202607041449591/firmware/src/kan_core.sv Line: 13
Info (204001): Port "i_vector[3][3]" is changed into "i_vector_3_3" because it's a member of 2-D array port "i_vector" File: E:/virtual_machine/Mount/KANELE-main/me/Wine/models/202607041449591/firmware/src/kan_core.sv Line: 13
Info (204001): Port "i_vector[3][0]" is changed into "i_vector_3_0" because it's a member of 2-D array port "i_vector" File: E:/virtual_machine/Mount/KANELE-main/me/Wine/models/202607041449591/firmware/src/kan_core.sv Line: 13
Info (204001): Port "i_vector[3][1]" is changed into "i_vector_3_1" because it's a member of 2-D array port "i_vector" File: E:/virtual_machine/Mount/KANELE-main/me/Wine/models/202607041449591/firmware/src/kan_core.sv Line: 13
Info (204001): Port "i_vector[3][2]" is changed into "i_vector_3_2" because it's a member of 2-D array port "i_vector" File: E:/virtual_machine/Mount/KANELE-main/me/Wine/models/202607041449591/firmware/src/kan_core.sv Line: 13
Info (204001): Port "i_vector[3][4]" is changed into "i_vector_3_4" because it's a member of 2-D array port "i_vector" File: E:/virtual_machine/Mount/KANELE-main/me/Wine/models/202607041449591/firmware/src/kan_core.sv Line: 13
Info (204001): Port "i_vector[3][5]" is changed into "i_vector_3_5" because it's a member of 2-D array port "i_vector" File: E:/virtual_machine/Mount/KANELE-main/me/Wine/models/202607041449591/firmware/src/kan_core.sv Line: 13
Info (204001): Port "i_vector[11][1]" is changed into "i_vector_11_1" because it's a member of 2-D array port "i_vector" File: E:/virtual_machine/Mount/KANELE-main/me/Wine/models/202607041449591/firmware/src/kan_core.sv Line: 13
Info (204001): Port "i_vector[11][2]" is changed into "i_vector_11_2" because it's a member of 2-D array port "i_vector" File: E:/virtual_machine/Mount/KANELE-main/me/Wine/models/202607041449591/firmware/src/kan_core.sv Line: 13
Info (204001): Port "i_vector[11][5]" is changed into "i_vector_11_5" because it's a member of 2-D array port "i_vector" File: E:/virtual_machine/Mount/KANELE-main/me/Wine/models/202607041449591/firmware/src/kan_core.sv Line: 13
Info (204001): Port "i_vector[11][0]" is changed into "i_vector_11_0" because it's a member of 2-D array port "i_vector" File: E:/virtual_machine/Mount/KANELE-main/me/Wine/models/202607041449591/firmware/src/kan_core.sv Line: 13
Info (204001): Port "i_vector[11][3]" is changed into "i_vector_11_3" because it's a member of 2-D array port "i_vector" File: E:/virtual_machine/Mount/KANELE-main/me/Wine/models/202607041449591/firmware/src/kan_core.sv Line: 13
Info (204001): Port "i_vector[11][4]" is changed into "i_vector_11_4" because it's a member of 2-D array port "i_vector" File: E:/virtual_machine/Mount/KANELE-main/me/Wine/models/202607041449591/firmware/src/kan_core.sv Line: 13
Info (204001): Port "i_vector[9][0]" is changed into "i_vector_9_0" because it's a member of 2-D array port "i_vector" File: E:/virtual_machine/Mount/KANELE-main/me/Wine/models/202607041449591/firmware/src/kan_core.sv Line: 13
Info (204001): Port "i_vector[9][1]" is changed into "i_vector_9_1" because it's a member of 2-D array port "i_vector" File: E:/virtual_machine/Mount/KANELE-main/me/Wine/models/202607041449591/firmware/src/kan_core.sv Line: 13
Info (204001): Port "i_vector[9][2]" is changed into "i_vector_9_2" because it's a member of 2-D array port "i_vector" File: E:/virtual_machine/Mount/KANELE-main/me/Wine/models/202607041449591/firmware/src/kan_core.sv Line: 13
Info (204001): Port "i_vector[5][4]" is changed into "i_vector_5_4" because it's a member of 2-D array port "i_vector" File: E:/virtual_machine/Mount/KANELE-main/me/Wine/models/202607041449591/firmware/src/kan_core.sv Line: 13
Info (204001): Port "i_vector[5][2]" is changed into "i_vector_5_2" because it's a member of 2-D array port "i_vector" File: E:/virtual_machine/Mount/KANELE-main/me/Wine/models/202607041449591/firmware/src/kan_core.sv Line: 13
Info (204001): Port "i_vector[5][3]" is changed into "i_vector_5_3" because it's a member of 2-D array port "i_vector" File: E:/virtual_machine/Mount/KANELE-main/me/Wine/models/202607041449591/firmware/src/kan_core.sv Line: 13
Info (204001): Port "i_vector[5][1]" is changed into "i_vector_5_1" because it's a member of 2-D array port "i_vector" File: E:/virtual_machine/Mount/KANELE-main/me/Wine/models/202607041449591/firmware/src/kan_core.sv Line: 13
Info (204001): Port "i_vector[5][0]" is changed into "i_vector_5_0" because it's a member of 2-D array port "i_vector" File: E:/virtual_machine/Mount/KANELE-main/me/Wine/models/202607041449591/firmware/src/kan_core.sv Line: 13
Info (204001): Port "i_vector[5][5]" is changed into "i_vector_5_5" because it's a member of 2-D array port "i_vector" File: E:/virtual_machine/Mount/KANELE-main/me/Wine/models/202607041449591/firmware/src/kan_core.sv Line: 13
Info (204001): Port "i_vector[1][4]" is changed into "i_vector_1_4" because it's a member of 2-D array port "i_vector" File: E:/virtual_machine/Mount/KANELE-main/me/Wine/models/202607041449591/firmware/src/kan_core.sv Line: 13
Info (204001): Port "i_vector[1][0]" is changed into "i_vector_1_0" because it's a member of 2-D array port "i_vector" File: E:/virtual_machine/Mount/KANELE-main/me/Wine/models/202607041449591/firmware/src/kan_core.sv Line: 13
Info (204001): Port "i_vector[1][1]" is changed into "i_vector_1_1" because it's a member of 2-D array port "i_vector" File: E:/virtual_machine/Mount/KANELE-main/me/Wine/models/202607041449591/firmware/src/kan_core.sv Line: 13
Info (204001): Port "i_vector[1][2]" is changed into "i_vector_1_2" because it's a member of 2-D array port "i_vector" File: E:/virtual_machine/Mount/KANELE-main/me/Wine/models/202607041449591/firmware/src/kan_core.sv Line: 13
Info (204001): Port "i_vector[1][3]" is changed into "i_vector_1_3" because it's a member of 2-D array port "i_vector" File: E:/virtual_machine/Mount/KANELE-main/me/Wine/models/202607041449591/firmware/src/kan_core.sv Line: 13
Info (204001): Port "i_vector[1][5]" is changed into "i_vector_1_5" because it's a member of 2-D array port "i_vector" File: E:/virtual_machine/Mount/KANELE-main/me/Wine/models/202607041449591/firmware/src/kan_core.sv Line: 13
Info (204019): Generated file kan_core.vo in folder "E:/virtual_machine/Mount/KANELE-main/me/Wine/models/202607041449591/syn/simulation/questa/" for EDA simulation tool
Info: Quartus Prime EDA Netlist Writer was successful. 0 errors, 1 warning
    Info: Peak virtual memory: 4773 megabytes
    Info: Processing ended: Sat Jul 18 15:47:27 2026
    Info: Elapsed time: 00:00:01
    Info: Total CPU time (on all processors): 00:00:01


